// Jest Snapshot v1, https://goo.gl/fbAQLP

exports[`renders correctly 1`] = `
Array [
  <div
    className="d-flex py-3 justify-content-between"
  >
    <h2
      className="text-light"
    >
      Math Magicians
    </h2>
    <ul>
      <a
        className="link-danger fw-bolder text-decoration-none mx-4"
        exact={true}
        href="/"
        onClick={[Function]}
      >
        Home
      </a>
      <a
        className="link-danger fw-bolder text-decoration-none mx-4"
        exact={true}
        href="/Calculator"
        onClick={[Function]}
      >
        Calculator
      </a>
      <a
        className="link-danger fw-bolder text-decoration-none mx-4"
        exact={true}
        href="/Quotes"
        onClick={[Function]}
      >
        Quotes
      </a>
    </ul>
  </div>,
  <h1>
    Math Magicians
  </h1>,
  <p>
    Lorem ipsum dolor, sit amet consectetur adipisicing elit. Consequuntur, quis delectus. Aliquid qui recusandae, maiores tempora perspiciatis officiis nobis reprehenderit blanditiis dolor, iure ad odit rem iusto, natus necessitatibus perferendis unde veritatis consequatur assumenda quo cumque atque ratione alias? Vero molestias facere animi dolores pariatur debitis quos at consectetur laudantium, similique, itaque, nesciunt veritatis ex?
  </p>,
]
`;
