// Jest Snapshot v1, https://goo.gl/fbAQLP

exports[`renders correctly 1`] = `
Array [
  <div>
    <h6
      className="title"
    >
      Welcome to our page!
    </h6>
  </div>,
  <h1>
    Math Magicians
  </h1>,
  <h6
    className="title"
  >
    Welcome to our page!
  </h6>,
]
`;
